.test-color-variable{background-color:var(--e-gc-a01);}