			
<hr
    class="e-divider-base"
    id="my-custom-divider" />
		