		<div class="elementor-element elementor-element-tabs-container e-con e-atomic-element e-tabs-base" data-id="tabs-container" data-element_type="e-tabs" data-e-type="e-tabs" data-active-tab="tab-1">
				<div class="elementor-element elementor-element-outer-tabs-list e-con e-atomic-element e-tabs-menu-base" data-id="outer-tabs-list" data-element_type="e-tabs-menu">
				<button class="elementor-element elementor-element-tab-1 e-con e-atomic-element e-tab-base" data-id="tab-1" data-element_type="e-tab" role="tab" tabindex="0" aria-selected="true">
				</button>
				</div>
				<div class="elementor-element elementor-element-outer-tabs-content e-con e-atomic-element e-tabs-content-area-base" data-id="outer-tabs-content" data-element_type="e-tabs-content-area">
				<div class="elementor-element elementor-element-content-1 e-con e-atomic-element e-tab-content-base" data-id="content-1" data-element_type="e-tab-content" role="tabpanel" data-tab-id="tab-1" aria-labelledby="tab-1">
				<div class="elementor-element elementor-element-nested-tabs-container e-con e-atomic-element e-tabs-base" data-id="nested-tabs-container" data-element_type="e-tabs" data-e-type="e-tabs" data-active-tab="nested-tab-2">
				<div class="elementor-element elementor-element-nested-tabs-list e-con e-atomic-element e-tabs-menu-base" data-id="nested-tabs-list" data-element_type="e-tabs-menu">
				<button class="elementor-element elementor-element-nested-tab-1 e-con e-atomic-element e-tab-base" data-id="nested-tab-1" data-element_type="e-tab" role="tab" tabindex="-1" aria-selected="false">
				</button>
				<button class="elementor-element elementor-element-nested-tab-2 e-con e-atomic-element e-tab-base" data-id="nested-tab-2" data-element_type="e-tab" role="tab" tabindex="0" aria-selected="true">
				</button>
				</div>
				<div class="elementor-element elementor-element-nested-tabs-content e-con e-atomic-element e-tabs-content-area-base" data-id="nested-tabs-content" data-element_type="e-tabs-content-area">
				<div class="elementor-element elementor-element-nested-content-1 e-con e-atomic-element e-tab-content-base" data-id="nested-content-1" data-element_type="e-tab-content" role="tabpanel" hidden="true" style="display: none;" data-tab-id="nested-tab-1" aria-labelledby="nested-tab-1">
				</div>
				<div class="elementor-element elementor-element-nested-content-2 e-con e-atomic-element e-tab-content-base" data-id="nested-content-2" data-element_type="e-tab-content" role="tabpanel" data-tab-id="nested-tab-2" aria-labelledby="nested-tab-2">
				</div>
				</div>
				</div>
				</div>
				</div>
				</div>
		