@media(max-width:767px){.test-style{color:red;font-size:16px}}
@media(max-width:1024px){.test-style{color:blue;font-size:18px}}