			<div class="e-svg-base"><svg xmlns="http://www.w3.org/2000/svg" fill="currentColor" style="width: 100%; height: 100%; overflow: unset;" width="100" height="100"><path d="M0 0h100v100H0z"></path></svg></div>		