		<button class="elementor-element elementor-element-e8e55a1 e-con e-atomic-element e-tab-base" data-id="e8e55a1" data-element_type="e-tab" role="tab" tabindex="-1">
								<p class="e-paragraph-base"  >
										Type your paragraph here
						</p>
				</button>
		