		<a class="elementor-element elementor-element-e8e55a1 e-con flexbox-base" data-id="e8e55a1" data-element_type="flexbox" href="https://example.com" target="_blank">
					<p class="e-paragraph-base">
            Type your paragraph here
    </p>
				</a>
		