			
Deprecated: trim(): Passing null to parameter #1 ($string) of type string is deprecated in /Users/janvanvlastuin1981/Local Sites/elementor/app/public/wp-content/plugins/elementor/modules/atomic-widgets/elements/atomic-svg/atomic-svg.php on line 159
<a href="https://elementor.com" target="_blank" class="e-svg-base"><svg xmlns="http://www.w3.org/2000/svg" fill="currentColor" style="width: 100%; height: 100%; overflow: unset;" width="100" height="100"><path d="M0 0h100v100H0z"></path></svg></a>		