			<svg xmlns="http://www.w3.org/2000/svg" class="a-svg-base" fill="currentColor" width="100" height="100"><path d="M0 0h100v100H0z"></path></svg>		