		<div class="elementor-element elementor-element-e8e55a1 e-con e-flexbox-base" data-id="e8e55a1" data-element_type="e-flexbox" id="test-css-id">
				</div>
		