			
<hr
    class="custom-class-1 custom-class-2 e-divider-base"
     />
		