			
    <a
            href="https://example.com"
            target="_blank"
            class="e-button-base"
    >
        Click here
    </a>
		