			
    <a
            href="https://example.com"
            target="_self"
            class="e-button-base"
    >
        Click here
    </a>
		