			<button class="a-button-base">
	Click here
</button>
		