		<div class="elementor-element elementor-element-e8e55a1 e-con e-flexbox-base" data-id="e8e55a1" data-element_type="e-flexbox">
					        <p class="e-paragraph-base">
                            Type your paragraph here
                    </p>
				</div>
		