.test-style-grow-only{flex:2;}.test-style-grow-shrink{flex:1 2;}.test-style-basis-only{flex:0 1 100px;}