.test-style{background:linear-gradient(blue, blue) red;}