.test-background-overlay{background:linear-gradient(blue, blue);}