@media(max-width:768px){.test-style:hover{color:green;}}@media(max-width:1024px){.test-style:focus{color:blue;}}