@media(max-width:768px){.test-style{color:green;}}