.test-style-1{color:red;}.test-style-1:hover{color:purple;}.test-style-2{color:blue;}.test-style-2:hover{color:green;}