.test-style{background:linear-gradient(45deg, red 0%,rgb(255, 0, 255, 0.3) 100%),radial-gradient(circle at bottom center, rgb(90, 143,11) 67%,rgb(0, 0, 0) 21%);}