.test-background-overlay{background-image:linear-gradient(blue, blue);background-repeat:repeat;background-attachment:scroll;background-size:auto auto;background-position:0% 0%;}