// Jest Snapshot v1, https://goo.gl/fbAQLP

exports[`<StyleVariablesRenderer /> should render style variables in portal when container is available 1`] = `
<div
  data-testid="portal"
>
  <style
    data-e-style-id="e-variables"
  >
    body{--red-color:#ff0000;--font-arial:Arial;--yellow-color:yellow;--e-gv-a4:red;}
  </style>
</div>
`;
