			<div class="">
    <h1>This is my title</h1>
    <p>This comes from part</p>
</div>
		