			<p class="a-paragraph-base">
            <a href="https://example.com" target="_blank">
            Type your paragraph here
        </a>
    </p>
		