			<p class="a-paragraph-base">
            Type your paragraph here
    </p>
		