			<img class=""
						id="123"
								url="https://example.com/image.jpg"
			/>
		