				<a href="https://example.com" target="_blank">
<img class=""
						id="123"
								url="https://example.com/image.jpg"
			/>
	</a>
		